25fv47               samaya   optimal          obj=5501.84588828677 t=0.199s
25fv47               highspy  optimal          obj=5501.845888286757 t=0.124s
25fv47               scip     optimal          obj=5501.845888286746 t=0.346s
25fv47               cbc      optimal          obj=5501.8459 t=0.106s
25fv47               glpk     optimal          obj=5501.845888 t=0.113s
agg2                 samaya   optimal          obj=-20239252.35597711 t=0.012s
agg2                 highspy  optimal          obj=-20239252.355977118 t=0.003s
agg2                 scip     optimal          obj=-20239252.355977118 t=0.008s
agg2                 cbc      optimal          obj=-20239252.0 t=0.006s
agg2                 glpk     optimal          obj=-20239252.36 t=0.007s
bnl1                 samaya   optimal          obj=1977.6295615228862 t=0.027s
bnl1                 highspy  optimal          obj=1977.6295615228878 t=0.017s
bnl1                 scip     optimal          obj=1977.6295615228867 t=0.056s
bnl1                 cbc      optimal          obj=1977.6296 t=0.023s
bnl1                 glpk     optimal          obj=1977.629562 t=0.025s
brandy               samaya   optimal          obj=1518.509896488128 t=0.006s
brandy               highspy  optimal          obj=1518.5098964881279 t=0.004s
brandy               scip     optimal          obj=1518.509896488128 t=0.015s
brandy               cbc      optimal          obj=1518.5099 t=0.007s
brandy               glpk     optimal          obj=1518.509896 t=0.005s
d6cube               samaya   optimal          obj=315.4916666666666 t=0.069s
d6cube               highspy  optimal          obj=315.49166666666696 t=0.084s
d6cube               scip     optimal          obj=315.49166666666645 t=0.317s
d6cube               cbc      optimal          obj=315.49167 t=0.059s
d6cube               glpk     optimal          obj=315.4916667 t=0.741s
etamacro             samaya   optimal          obj=-755.7152333079044 t=0.010s
etamacro             highspy  optimal          obj=-755.7152333005275 t=0.006s
etamacro             scip     optimal          obj=-755.7152332694528 t=0.013s
etamacro             cbc      optimal          obj=-755.71523 t=0.009s
etamacro             glpk     optimal          obj=-755.7152333 t=0.010s
fit2d                samaya   optimal          obj=-68464.29329383207 t=0.211s
fit2d                highspy  optimal          obj=-68464.2932938321 t=0.088s
fit2d                scip     optimal          obj=-68464.29329383207 t=0.438s
fit2d                cbc      optimal          obj=-68464.293 t=0.097s
fit2d                glpk     optimal          obj=-68464.29329 t=2.203s
greenbea             samaya   optimal          obj=-72555248.12984598 t=0.534s
greenbea             highspy  optimal          obj=-72555248.12984587 t=0.203s
greenbea             scip     optimal          obj=-72555248.1298388 t=2.430s
greenbea             cbc      optimal          obj=-72555248.0 t=0.507s
greenbea             glpk     optimal          obj=-72555248.13 t=0.392s
israel               samaya   optimal          obj=-896644.8218630458 t=0.004s
israel               highspy  optimal          obj=-896644.8218630459 t=0.002s
israel               scip     optimal          obj=-896644.8218630458 t=0.005s
israel               cbc      optimal          obj=-896644.82 t=0.005s
israel               glpk     optimal          obj=-896644.8219 t=0.004s
modszk1              samaya   optimal          obj=320.6197290641917 t=0.014s
modszk1              highspy  optimal          obj=320.61972906434596 t=0.009s
modszk1              scip     optimal          obj=320.61972906428855 t=0.024s
modszk1              cbc      optimal          obj=320.61973 t=0.012s
modszk1              glpk     optimal          obj=320.6197291 t=0.021s
pilot.we             samaya   optimal          obj=-2720107.5328449635 t=0.128s
pilot.we             highspy  optimal          obj=-2720107.5328449584 t=0.119s
pilot.we             scip     optimal          obj=-2720107.532844967 t=0.350s
pilot.we             cbc      optimal          obj=-2720107.6 t=0.072s
pilot.we             glpk     optimal          obj=-2720107.533 t=0.082s
sc105                samaya   optimal          obj=-52.202061211707246 t=0.003s
sc105                highspy  optimal          obj=-52.20206121170723 t=0.001s
sc105                scip     optimal          obj=-52.20206121170723 t=0.001s
sc105                cbc      optimal          obj=-52.202061 t=0.004s
sc105                glpk     optimal          obj=-52.20206121 t=0.002s
scagr7               samaya   optimal          obj=-2331389.8243309837 t=0.003s
scagr7               highspy  optimal          obj=-2331389.824330984 t=0.001s
scagr7               scip     optimal          obj=-2331389.8243309837 t=0.002s
scagr7               cbc      optimal          obj=-2331389.8 t=0.004s
scagr7               glpk     optimal          obj=-2331389.824 t=0.002s
scrs8                samaya   optimal          obj=904.2969538007915 t=0.009s
scrs8                highspy  optimal          obj=904.296953800792 t=0.006s
scrs8                scip     optimal          obj=904.2969538007917 t=0.022s
scrs8                cbc      optimal          obj=904.29695 t=0.009s
scrs8                glpk     optimal          obj=904.2969538 t=0.014s
sctap2               samaya   optimal          obj=1724.807142857143 t=0.014s
sctap2               highspy  optimal          obj=1724.807142857143 t=0.008s
sctap2               scip     optimal          obj=1724.807142857143 t=0.023s
sctap2               cbc      optimal          obj=1724.8071 t=0.010s
sctap2               glpk     optimal          obj=1724.807143 t=0.014s
shell                samaya   optimal          obj=1208825346 t=0.009s
shell                highspy  optimal          obj=1208825346.0 t=0.008s
shell                scip     optimal          obj=1208825346.0 t=0.014s
shell                cbc      optimal          obj=1208825300.0 t=0.009s
shell                glpk     optimal          obj=1208825346.0 t=0.011s
ship12l              samaya   optimal          obj=1470187.9193292647 t=0.020s
ship12l              highspy  optimal          obj=1470187.9193292663 t=0.015s
ship12l              scip     optimal          obj=1470187.919329265 t=0.054s
ship12l              cbc      optimal          obj=1470187.9 t=0.018s
ship12l              glpk     optimal          obj=1470187.919 t=0.043s
standgub             samaya   optimal          obj=1257.6995 t=0.003s
standgub             highspy  optimal          obj=1257.6995 t=0.003s
standgub             scip     optimal          obj=1257.6995000000002 t=0.005s
standgub             cbc      optimal          obj=1257.6995 t=0.005s
standgub             glpk     optimal          obj=1257.6995 t=0.005s
vtp.base             samaya   optimal          obj=129831.46246136136 t=0.002s
vtp.base             highspy  optimal          obj=129831.46246136137 t=0.001s
vtp.base             scip     optimal          obj=129831.46246136137 t=0.002s
vtp.base             cbc      optimal          obj=129831.46 t=0.004s
vtp.base             glpk     optimal          obj=129831.4625 t=0.002s

Wrote bench/results/compare/netlib/shard0.csv
Status/objective disagreements with baselines: 0
samaya   solved 19/19, shifted geomean 0.066s
highspy  solved 19/19, shifted geomean 0.037s
scip     solved 19/19, shifted geomean 0.204s
cbc      solved 19/19, shifted geomean 0.050s
glpk     solved 19/19, shifted geomean 0.183s
