afiro                samaya   optimal          obj=-464.75314285714285 t=0.004s
afiro                highspy  optimal          obj=-464.75314285714285 t=0.001s
afiro                scip     optimal          obj=-464.75314285714273 t=0.001s
afiro                cbc      optimal          obj=-464.75314 t=0.044s
afiro                glpk     optimal          obj=-464.7531429 t=0.011s
beaconfd             samaya   optimal          obj=33592.4858072 t=0.007s
beaconfd             highspy  optimal          obj=33592.4858072 t=0.002s
beaconfd             scip     optimal          obj=33592.485807200006 t=0.003s
beaconfd             cbc      optimal          obj=33592.486 t=0.004s
beaconfd             glpk     optimal          obj=33592.48581 t=0.003s
boeing2              samaya   optimal          obj=-315.0187280152029 t=0.003s
boeing2              highspy  optimal          obj=-315.0187280152027 t=0.002s
boeing2              scip     optimal          obj=-315.0187280152029 t=0.003s
boeing2              cbc      optimal          obj=-315.01873 t=0.004s
boeing2              glpk     optimal          obj=-315.018728 t=0.003s
czprob               samaya   optimal          obj=2185196.6988565773 t=0.029s
czprob               highspy  optimal          obj=2185196.698856578 t=0.018s
czprob               scip     optimal          obj=2185196.6988565777 t=0.044s
czprob               cbc      optimal          obj=2185196.7 t=0.014s
czprob               glpk     optimal          obj=2185196.699 t=0.032s
dfl001               samaya   optimal          obj=11266396.046671394 t=11.080s
dfl001               highspy  optimal          obj=11266396.04667138 t=4.758s
dfl001               scip     optimal          obj=11266396.046674728 t=14.503s
dfl001               cbc      optimal          obj=11266396.0 t=4.404s
dfl001               glpk     optimal          obj=11266396.05 t=20.363s
fit1d                samaya   optimal          obj=-9146.378092420926 t=0.012s
fit1d                highspy  optimal          obj=-9146.378092420928 t=0.007s
fit1d                scip     optimal          obj=-9146.378092420926 t=0.069s
fit1d                cbc      optimal          obj=-9146.3781 t=0.009s
fit1d                glpk     optimal          obj=-9146.378092 t=0.025s
ganges               samaya   optimal          obj=-109585.73612927794 t=0.023s
ganges               highspy  optimal          obj=-109585.73612927813 t=0.008s
ganges               scip     optimal          obj=-109585.73612943174 t=0.024s
ganges               cbc      optimal          obj=-109585.74 t=0.010s
ganges               glpk     optimal          obj=-109585.7361 t=0.022s
grow22               samaya   optimal          obj=-160834336.4825629 t=0.084s
grow22               highspy  optimal          obj=-160834336.48256296 t=0.055s
grow22               scip     optimal          obj=-160834336.48256296 t=0.078s
grow22               cbc      optimal          obj=-160834340.0 t=0.018s
grow22               glpk     optimal          obj=-160834336.5 t=0.033s
maros-r7             samaya   optimal          obj=1497185.1664796437 t=3.533s
maros-r7             highspy  optimal          obj=1497185.1664796423 t=0.481s
maros-r7             scip     optimal          obj=1497185.1664796453 t=0.645s
maros-r7             cbc      optimal          obj=1497185.2 t=0.717s
maros-r7             glpk     optimal          obj=1497185.166 t=1.415s
pilot.ja             samaya   optimal          obj=-6113.136465610949 t=0.078s
pilot.ja             highspy  optimal          obj=-6113.136465581338 t=0.059s
pilot.ja             scip     optimal          obj=-6113.136465581344 t=0.244s
pilot.ja             cbc      optimal          obj=-6113.1367 t=0.146s
pilot.ja             glpk     optimal          obj=-6113.136466 t=0.111s
pilotnov             samaya   optimal          obj=-4497.2761882188715 t=0.049s
pilotnov             highspy  optimal          obj=-4497.2761882188715 t=0.104s
pilotnov             scip     optimal          obj=-4497.276188218871 t=0.119s
pilotnov             cbc      optimal          obj=-4497.2762 t=0.057s
pilotnov             glpk     optimal          obj=-4497.276188 t=0.060s
sc50b                samaya   optimal          obj=-70 t=0.002s
sc50b                highspy  optimal          obj=-69.99999999999999 t=0.001s
sc50b                scip     optimal          obj=-69.99999999999999 t=0.001s
sc50b                cbc      optimal          obj=-70.0 t=0.004s
sc50b                glpk     optimal          obj=-70.0 t=0.001s
scfxm3               samaya   optimal          obj=54901.25454975146 t=0.027s
scfxm3               highspy  optimal          obj=54901.254549751444 t=0.020s
scfxm3               scip     optimal          obj=54901.25454975145 t=0.046s
scfxm3               cbc      optimal          obj=54901.255 t=0.023s
scfxm3               glpk     optimal          obj=54901.25455 t=0.021s
scsd8                samaya   optimal          obj=904.9999999254644 t=0.022s
scsd8                highspy  optimal          obj=904.9999999254643 t=0.026s
scsd8                scip     optimal          obj=904.9999999254644 t=0.054s
scsd8                cbc      optimal          obj=905.0 t=0.025s
scsd8                glpk     optimal          obj=904.9999999 t=0.018s
share1b              samaya   optimal          obj=-76589.31857918568 t=0.004s
share1b              highspy  optimal          obj=-76589.31857918572 t=0.002s
share1b              scip     optimal          obj=-76589.31857918561 t=0.005s
share1b              cbc      optimal          obj=-76589.319 t=0.005s
share1b              glpk     optimal          obj=-76589.31858 t=0.003s
ship08l              samaya   optimal          obj=1909055.2113891314 t=0.013s
ship08l              highspy  optimal          obj=1909055.211389131 t=0.010s
ship08l              scip     optimal          obj=1909055.2113891318 t=0.037s
ship08l              cbc      optimal          obj=1909055.2 t=0.014s
ship08l              glpk     optimal          obj=1909055.211 t=0.021s
stair                samaya   optimal          obj=-251.26695119296153 t=0.016s
stair                highspy  optimal          obj=-251.26695119296335 t=0.009s
stair                scip     optimal          obj=-251.2669511929633 t=0.028s
stair                cbc      optimal          obj=-251.26695 t=0.012s
stair                glpk     optimal          obj=-251.2669512 t=0.015s
stocfor2             samaya   optimal          obj=-39024.40853788204 t=0.081s
stocfor2             highspy  optimal          obj=-39024.408537882104 t=0.017s
stocfor2             scip     optimal          obj=-39024.40853788204 t=0.055s
stocfor2             cbc      optimal          obj=-39024.409 t=0.018s
stocfor2             glpk     optimal          obj=-39024.40854 t=0.051s

Wrote bench/results/compare/netlib/shard3.csv
Status/objective disagreements with baselines: 0
samaya   solved 18/18, shifted geomean 0.626s
highspy  solved 18/18, shifted geomean 0.265s
scip     solved 18/18, shifted geomean 0.594s
cbc      solved 18/18, shifted geomean 0.267s
glpk     solved 18/18, shifted geomean 0.741s
