agg                  samaya   optimal          obj=-35991767.28657651 t=0.007s
agg                  highspy  optimal          obj=-35991767.2865765 t=0.003s
agg                  scip     optimal          obj=-35991767.28657653 t=0.028s
agg                  cbc      optimal          obj=-35991767.0 t=0.012s
agg                  glpk     optimal          obj=-35991767.29 t=0.013s
blend                samaya   optimal          obj=-30.812149845828205 t=0.010s
blend                highspy  optimal          obj=-30.812149845828237 t=0.002s
blend                scip     optimal          obj=-30.812149845828205 t=0.003s
blend                cbc      optimal          obj=-30.81215 t=0.004s
blend                glpk     optimal          obj=-30.81214985 t=0.002s
bore3d               samaya   optimal          obj=1373.0803942084929 t=0.003s
bore3d               highspy  optimal          obj=1373.0803942084926 t=0.001s
bore3d               scip     optimal          obj=1373.0803942084929 t=0.004s
bore3d               cbc      optimal          obj=1373.0804 t=0.004s
bore3d               glpk     optimal          obj=1373.080394 t=0.003s
d2q06c               samaya   optimal          obj=122784.21081418947 t=0.844s
d2q06c               highspy  optimal          obj=122784.2108141893 t=0.641s
d2q06c               scip     optimal          obj=122784.21081418949 t=2.593s
d2q06c               cbc      optimal          obj=122784.21 t=0.921s
d2q06c               glpk     optimal          obj=122784.2108 t=1.155s
e226                 samaya   optimal          obj=-11.63892906637055 t=0.010s
e226                 highspy  optimal          obj=-11.638929066370537 t=0.005s
e226                 scip     optimal          obj=-11.638929066370551 t=0.016s
e226                 cbc      optimal          obj=-11.638929 t=0.011s
e226                 glpk     optimal          obj=-11.63892907 t=0.006s
fit1p                samaya   optimal          obj=9146.378092420928 t=0.034s
fit1p                highspy  optimal          obj=9146.378092420935 t=0.026s
fit1p                scip     optimal          obj=9146.378092420928 t=0.126s
fit1p                cbc      optimal          obj=9146.3781 t=0.023s
fit1p                glpk     optimal          obj=9146.378092 t=0.025s
gfrd-pnc             samaya   optimal          obj=6902235.999548809 t=0.010s
gfrd-pnc             highspy  optimal          obj=6902235.999548812 t=0.004s
gfrd-pnc             scip     optimal          obj=6902235.999548809 t=0.010s
gfrd-pnc             cbc      optimal          obj=6902236.0 t=0.009s
gfrd-pnc             glpk     optimal          obj=6902236.0 t=0.008s
grow7                samaya   optimal          obj=-47787811.81471151 t=0.010s
grow7                highspy  optimal          obj=-47787811.8147115 t=0.008s
grow7                scip     optimal          obj=-47787811.81471149 t=0.018s
grow7                cbc      optimal          obj=-47787812.0 t=0.006s
grow7                glpk     optimal          obj=-47787811.81 t=0.006s
maros                samaya   optimal          obj=-58063.74370112591 t=0.028s
maros                highspy  optimal          obj=-58063.74370112589 t=0.029s
maros                scip     optimal          obj=-58063.743701125946 t=0.050s
maros                cbc      optimal          obj=-58063.744 t=0.029s
maros                glpk     optimal          obj=-58063.7437 t=0.030s
pilot                samaya   optimal          obj=-557.4897061631721 t=1.067s
pilot                highspy  optimal          obj=-557.4897292744025 t=0.799s
pilot                scip     optimal          obj=-557.4897292743991 t=2.106s
pilot                cbc      optimal          obj=-557.48973 t=0.648s
pilot                glpk     optimal          obj=-557.4897062 t=1.417s
recipe               samaya   optimal          obj=-266.616 t=0.006s
recipe               highspy  optimal          obj=-266.61600000000027 t=0.001s
recipe               scip     optimal          obj=-266.61599999999993 t=0.004s
recipe               cbc      optimal          obj=-266.616 t=0.004s
recipe               glpk     optimal          obj=-266.616 t=0.002s
scagr25              samaya   optimal          obj=-14753433.060768519 t=0.008s
scagr25              highspy  optimal          obj=-14753433.060768528 t=0.004s
scagr25              scip     optimal          obj=-14753433.060768522 t=0.007s
scagr25              cbc      optimal          obj=-14753433.0 t=0.006s
scagr25              glpk     optimal          obj=-14753433.06 t=0.006s
scorpion             samaya   optimal          obj=1878.1248227381068 t=0.005s
scorpion             highspy  optimal          obj=1878.1248227381068 t=0.002s
scorpion             scip     optimal          obj=1878.1248227381068 t=0.004s
scorpion             cbc      optimal          obj=1878.1248 t=0.005s
scorpion             glpk     optimal          obj=1878.124823 t=0.004s
sctap1               samaya   optimal          obj=1412.25 t=0.006s
sctap1               highspy  optimal          obj=1412.25 t=0.004s
sctap1               scip     optimal          obj=1412.25 t=0.006s
sctap1               cbc      optimal          obj=1412.25 t=0.006s
sctap1               glpk     optimal          obj=1412.25 t=0.005s
share2b              samaya   optimal          obj=-415.73224074141905 t=0.003s
share2b              highspy  optimal          obj=-415.73224074141945 t=0.001s
share2b              scip     optimal          obj=-415.7322407414159 t=0.003s
share2b              cbc      optimal          obj=-415.73224 t=0.004s
share2b              glpk     optimal          obj=-415.7322407 t=0.002s
ship08s              samaya   optimal          obj=1920098.2105346196 t=0.007s
ship08s              highspy  optimal          obj=1920098.2105346182 t=0.006s
ship08s              scip     optimal          obj=1920098.2105346196 t=0.018s
ship08s              cbc      optimal          obj=1920098.2 t=0.009s
ship08s              glpk     optimal          obj=1920098.211 t=0.011s
standata             samaya   optimal          obj=1257.6995 t=0.004s
standata             highspy  optimal          obj=1257.6995 t=0.003s
standata             scip     optimal          obj=1257.6995000000002 t=0.005s
standata             cbc      optimal          obj=1257.6995 t=0.005s
standata             glpk     optimal          obj=1257.6995 t=0.005s
tuff                 samaya   optimal          obj=0.29214776509361284 t=0.006s
tuff                 highspy  optimal          obj=0.292147765093613 t=0.005s
tuff                 scip     optimal          obj=0.2921477650936128 t=0.021s
tuff                 cbc      optimal          obj=0.29214777 t=0.007s
tuff                 glpk     optimal          obj=0.2921477651 t=0.005s

Wrote bench/results/compare/netlib/shard4.csv
Status/objective disagreements with baselines: 0
samaya   solved 18/18, shifted geomean 0.111s
highspy  solved 18/18, shifted geomean 0.083s
scip     solved 18/18, shifted geomean 0.255s
cbc      solved 18/18, shifted geomean 0.092s
glpk     solved 18/18, shifted geomean 0.143s
