80bau3b              samaya   optimal          obj=987224.1924090901 t=0.244s
80bau3b              highspy  optimal          obj=987224.1924090902 t=0.100s
80bau3b              scip     optimal          obj=987224.1924090898 t=0.261s
80bau3b              cbc      optimal          obj=987224.19 t=0.143s
80bau3b              glpk     optimal          obj=987224.1924 t=0.421s
agg3                 samaya   optimal          obj=10312115.935089221 t=0.010s
agg3                 highspy  optimal          obj=10312115.935089216 t=0.003s
agg3                 scip     optimal          obj=10312115.93508923 t=0.007s
agg3                 cbc      optimal          obj=10312116.0 t=0.006s
agg3                 glpk     optimal          obj=10312115.94 t=0.007s
bnl2                 samaya   optimal          obj=1811.236540358545 t=0.072s
bnl2                 highspy  optimal          obj=1811.2365403585482 t=0.035s
bnl2                 scip     optimal          obj=1811.2365403585452 t=0.165s
bnl2                 cbc      optimal          obj=1811.2365 t=0.042s
bnl2                 glpk     optimal          obj=1811.23654 t=0.188s
capri                samaya   optimal          obj=2690.0129137681593 t=0.005s
capri                highspy  optimal          obj=2690.0129137681593 t=0.002s
capri                scip     optimal          obj=2690.0129137681606 t=0.011s
capri                cbc      optimal          obj=2690.0129 t=0.006s
capri                glpk     optimal          obj=2690.012914 t=0.005s
degen2               samaya   optimal          obj=-1435.1779999999999 t=0.016s
degen2               highspy  optimal          obj=-1435.178 t=0.010s
degen2               scip     optimal          obj=-1435.1779999999999 t=0.028s
degen2               cbc      optimal          obj=-1435.178 t=0.012s
degen2               glpk     optimal          obj=-1435.178 t=0.022s
fffff800             samaya   optimal          obj=555679.5648174963 t=0.024s
fffff800             highspy  optimal          obj=555679.5648174963 t=0.008s
fffff800             scip     optimal          obj=555679.5648174963 t=0.071s
fffff800             cbc      optimal          obj=555679.56 t=0.011s
fffff800             glpk     optimal          obj=555679.5648 t=0.009s
fit2p                samaya   optimal          obj=68464.29329383207 t=1.185s
fit2p                highspy  optimal          obj=68464.29329383216 t=0.846s
fit2p                scip     optimal          obj=68464.29329383207 t=0.854s
fit2p                cbc      optimal          obj=68464.293 t=1.048s
fit2p                glpk     optimal          obj=68464.29329 t=0.959s
greenbeb             samaya   optimal          obj=-4302260.261206587 t=0.828s
greenbeb             highspy  optimal          obj=-4302260.261206586 t=0.298s
greenbeb             scip     optimal          obj=-4302260.261206588 t=1.021s
greenbeb             cbc      optimal          obj=-4302260.3 t=0.253s
greenbeb             glpk     optimal          obj=-4302260.261 t=0.305s
kb2                  samaya   optimal          obj=-1749.9001299062056 t=0.006s
kb2                  highspy  optimal          obj=-1749.9001299062056 t=0.001s
kb2                  scip     optimal          obj=-1749.9001299062058 t=0.001s
kb2                  cbc      optimal          obj=-1749.9001 t=0.004s
kb2                  glpk     optimal          obj=-1749.90013 t=0.002s
nesm                 samaya   optimal          obj=14076036.487562712 t=0.095s
nesm                 highspy  optimal          obj=14076036.487562705 t=0.111s
nesm                 scip     optimal          obj=14076036.487562744 t=0.264s
nesm                 cbc      optimal          obj=14076036.0 t=0.049s
nesm                 glpk     optimal          obj=14076036.49 t=0.219s
pilot4               samaya   optimal          obj=-2581.1392588814174 t=0.029s
pilot4               highspy  optimal          obj=-2581.1392588838853 t=0.020s
pilot4               scip     optimal          obj=-2581.1392595638044 t=0.057s
pilot4               cbc      optimal          obj=-2581.1393 t=0.028s
pilot4               glpk     optimal          obj=-2581.139259 t=0.023s
sc205                samaya   optimal          obj=-52.20206121170723 t=0.004s
sc205                highspy  optimal          obj=-52.20206121170721 t=0.001s
sc205                scip     optimal          obj=-52.20206121170724 t=0.003s
sc205                cbc      optimal          obj=-52.202061 t=0.004s
sc205                glpk     optimal          obj=-52.20206121 t=0.003s
scfxm1               samaya   optimal          obj=18416.759028348944 t=0.029s
scfxm1               highspy  optimal          obj=18416.759028348948 t=0.005s
scfxm1               scip     optimal          obj=18416.759028348948 t=0.015s
scfxm1               cbc      optimal          obj=18416.759 t=0.008s
scfxm1               glpk     optimal          obj=18416.75903 t=0.006s
scsd1                samaya   optimal          obj=8.666666674333364 t=0.004s
scsd1                highspy  optimal          obj=8.666666674333364 t=0.002s
scsd1                scip     optimal          obj=8.666666674333365 t=0.009s
scsd1                cbc      optimal          obj=8.6666667 t=0.006s
scsd1                glpk     optimal          obj=8.666666674 t=0.004s
sctap3               samaya   optimal          obj=1424 t=0.023s
sctap3               highspy  optimal          obj=1424.0 t=0.010s
sctap3               scip     optimal          obj=1424.0 t=0.033s
sctap3               cbc      optimal          obj=1424.0 t=0.011s
sctap3               glpk     optimal          obj=1424.0 t=0.025s
ship04l              samaya   optimal          obj=1793324.5379703557 t=0.007s
ship04l              highspy  optimal          obj=1793324.5379703562 t=0.005s
ship04l              scip     optimal          obj=1793324.537970356 t=0.020s
ship04l              cbc      optimal          obj=1793324.5 t=0.008s
ship04l              glpk     optimal          obj=1793324.538 t=0.010s
ship12s              samaya   optimal          obj=1489236.1344061291 t=0.010s
ship12s              highspy  optimal          obj=1489236.1344061329 t=0.007s
ship12s              scip     optimal          obj=1489236.1344061291 t=0.020s
ship12s              cbc      optimal          obj=1489236.1 t=0.012s
ship12s              glpk     optimal          obj=1489236.134 t=0.013s
standmps             samaya   optimal          obj=1406.0175 t=0.005s
standmps             highspy  optimal          obj=1406.0175 t=0.003s
standmps             scip     optimal          obj=1406.0175000000002 t=0.009s
standmps             cbc      optimal          obj=1406.0175 t=0.006s
standmps             glpk     optimal          obj=1406.0175 t=0.007s
wood1p               samaya   optimal          obj=1.4429024115734077 t=0.021s
wood1p               highspy  optimal          obj=1.442902411573409 t=0.048s
wood1p               scip     optimal          obj=1.4429024115734095 t=0.174s
wood1p               cbc      optimal          obj=1.4429024 t=0.033s
wood1p               glpk     optimal          obj=1.442902412 t=0.069s

Wrote bench/results/compare/netlib/shard1.csv
Status/objective disagreements with baselines: 0
samaya   solved 19/19, shifted geomean 0.133s
highspy  solved 19/19, shifted geomean 0.078s
scip     solved 19/19, shifted geomean 0.155s
cbc      solved 19/19, shifted geomean 0.086s
glpk     solved 19/19, shifted geomean 0.118s
