adlittle             samaya   optimal          obj=225494.9631623803 t=0.005s
adlittle             highspy  optimal          obj=225494.9631623803 t=0.001s
adlittle             scip     optimal          obj=225494.9631623802 t=0.016s
adlittle             cbc      optimal          obj=225494.96 t=0.029s
adlittle             glpk     optimal          obj=225494.9632 t=0.011s
bandm                samaya   optimal          obj=-158.62801845011572 t=0.019s
bandm                highspy  optimal          obj=-158.62801845012078 t=0.006s
bandm                scip     optimal          obj=-158.62801845012095 t=0.017s
bandm                cbc      optimal          obj=-158.62802 t=0.008s
bandm                glpk     optimal          obj=-158.6280185 t=0.007s
boeing1              samaya   optimal          obj=-335.21356750712664 t=0.010s
boeing1              highspy  optimal          obj=-335.21356750712675 t=0.007s
boeing1              scip     optimal          obj=-335.21356750712664 t=0.013s
boeing1              cbc      optimal          obj=-335.21357 t=0.009s
boeing1              glpk     optimal          obj=-335.2135675 t=0.009s
cycle                samaya   optimal          obj=-5.226393024894103 t=0.043s
cycle                highspy  optimal          obj=-5.226393024894102 t=0.172s
cycle                scip     optimal          obj=-5.226393024894102 t=0.077s
cycle                cbc      optimal          obj=-5.226393 t=0.019s
cycle                glpk     optimal          obj=-5.226393025 t=0.034s
degen3               samaya   optimal          obj=-987.294 t=0.222s
degen3               highspy  optimal          obj=-987.2940000000007 t=0.125s
degen3               scip     optimal          obj=-987.294 t=0.627s
degen3               cbc      optimal          obj=-987.294 t=0.125s
degen3               glpk     optimal          obj=-987.294 t=0.199s
finnis               samaya   optimal          obj=172791.0655956116 t=0.006s
finnis               highspy  optimal          obj=172791.06559561164 t=0.004s
finnis               scip     optimal          obj=172791.0655956116 t=0.011s
finnis               cbc      optimal          obj=172791.07 t=0.009s
finnis               glpk     optimal          obj=172791.0656 t=0.009s
forplan              samaya   optimal          obj=-664.2189612722019 t=0.005s
forplan              highspy  optimal          obj=-664.2189612722054 t=0.004s
forplan              scip     optimal          obj=-664.2189612722042 t=0.019s
forplan              cbc      optimal          obj=-664.21896 t=0.007s
forplan              glpk     optimal          obj=-664.2189613 t=0.006s
grow15               samaya   optimal          obj=-106870941.29357533 t=0.033s
grow15               highspy  optimal          obj=-106870941.29357533 t=0.027s
grow15               scip     optimal          obj=-106870941.29357533 t=0.110s
grow15               cbc      optimal          obj=-106870940.0 t=0.012s
grow15               glpk     optimal          obj=-106870941.3 t=0.015s
lotfi                samaya   optimal          obj=-25.264706061880002 t=0.005s
lotfi                highspy  optimal          obj=-25.264706061880002 t=0.002s
lotfi                scip     optimal          obj=-25.26470606188002 t=0.004s
lotfi                cbc      optimal          obj=-25.264706 t=0.006s
lotfi                glpk     optimal          obj=-25.26470606 t=0.003s
perold               samaya   optimal          obj=-9380.75527822951 t=0.045s
perold               highspy  optimal          obj=-9380.755278235187 t=0.040s
perold               scip     optimal          obj=-9380.755278235105 t=0.214s
perold               cbc      optimal          obj=-9380.7554 t=0.069s
perold               glpk     optimal          obj=-9380.755278 t=0.053s
pilot87              samaya   optimal          obj=301.7103656586912 t=4.181s
pilot87              highspy  optimal          obj=301.71034733310745 t=2.537s
pilot87              scip     optimal          obj=301.7103473331104 t=4.962s
pilot87              cbc      optimal          obj=301.71063 t=2.315s
pilot87              glpk     optimal          obj=301.7103581 t=3.776s
sc50a                samaya   optimal          obj=-64.5750770585645 t=0.003s
sc50a                highspy  optimal          obj=-64.5750770585645 t=0.001s
sc50a                scip     optimal          obj=-64.5750770585645 t=0.001s
sc50a                cbc      optimal          obj=-64.575077 t=0.003s
sc50a                glpk     optimal          obj=-64.57507706 t=0.001s
scfxm2               samaya   optimal          obj=36660.261564998815 t=0.017s
scfxm2               highspy  optimal          obj=36660.261564998815 t=0.012s
scfxm2               scip     optimal          obj=36660.261564998815 t=0.031s
scfxm2               cbc      optimal          obj=36660.262 t=0.014s
scfxm2               glpk     optimal          obj=36660.26156 t=0.012s
scsd6                samaya   optimal          obj=50.50000007826238 t=0.007s
scsd6                highspy  optimal          obj=50.5000000782623 t=0.005s
scsd6                scip     optimal          obj=50.500000078019326 t=0.019s
scsd6                cbc      optimal          obj=50.5 t=0.007s
scsd6                glpk     optimal          obj=50.50000008 t=0.007s
seba                 samaya   optimal          obj=15711.6 t=0.007s
seba                 highspy  optimal          obj=15711.599999999999 t=0.002s
seba                 scip     optimal          obj=15711.599999999999 t=0.004s
seba                 cbc      optimal          obj=15711.6 t=0.005s
seba                 glpk     optimal          obj=15711.6 t=0.013s
ship04s              samaya   optimal          obj=1798714.700445392 t=0.006s
ship04s              highspy  optimal          obj=1798714.7004453917 t=0.003s
ship04s              scip     optimal          obj=1798714.700445392 t=0.013s
ship04s              cbc      optimal          obj=1798714.7 t=0.007s
ship04s              glpk     optimal          obj=1798714.7 t=0.006s
sierra               samaya   optimal          obj=15394362.183631929 t=0.014s
sierra               highspy  optimal          obj=15394362.183631929 t=0.008s
sierra               scip     optimal          obj=15394362.18363193 t=0.040s
sierra               cbc      optimal          obj=15394362.0 t=0.011s
sierra               glpk     optimal          obj=15394362.18 t=0.025s
stocfor1             samaya   optimal          obj=-41131.976219436416 t=0.003s
stocfor1             highspy  optimal          obj=-41131.97621943641 t=0.001s
stocfor1             scip     optimal          obj=-41131.976219436416 t=0.002s
stocfor1             cbc      optimal          obj=-41131.976 t=0.003s
stocfor1             glpk     optimal          obj=-41131.97622 t=0.002s
woodw                samaya   optimal          obj=1.3044763330842295 t=0.056s
woodw                highspy  optimal          obj=1.3044763330842293 t=0.042s
woodw                scip     optimal          obj=1.3044763330842293 t=0.096s
woodw                cbc      optimal          obj=1.3044763 t=0.031s
woodw                glpk     optimal          obj=1.304476333 t=0.069s

Wrote bench/results/compare/netlib/shard2.csv
Status/objective disagreements with baselines: 0
samaya   solved 19/19, shifted geomean 0.213s
highspy  solved 19/19, shifted geomean 0.144s
scip     solved 19/19, shifted geomean 0.284s
cbc      solved 19/19, shifted geomean 0.130s
glpk     solved 19/19, shifted geomean 0.196s
