reblock115           samaya   time_limit       obj=-31519680.522065148 t=600.019s
reblock115           highspy  time_limit       obj=-36788112.96801479 t=600.022s
reblock115           scip     time_limit       obj=-36778941.18291754 t=600.003s
pk1                  samaya   optimal          obj=11 t=51.406s
pk1                  highspy  optimal          obj=10.999998999999997 t=205.007s
pk1                  scip     optimal          obj=11.0 t=123.978s
p200x1188c           samaya   time_limit       obj=15078 t=599.992s
p200x1188c           highspy  optimal          obj=15078.0 t=0.798s
p200x1188c           scip     optimal          obj=15078.0 t=4.535s
qap10                samaya   time_limit       obj=None t=600.030s
qap10                highspy  optimal          obj=340.00000000000387 t=124.382s
qap10                scip     optimal          obj=339.99999999999915 t=115.737s
enlight_hard         samaya   time_limit       obj=37 t=599.619s
enlight_hard         highspy  optimal          obj=37.0 t=10.990s
enlight_hard         scip     optimal          obj=37.0 t=0.003s
neos-4954672-berkel  samaya   time_limit       obj=3344131 t=599.892s
neos-4954672-berkel  highspy  time_limit       obj=2645827.9999999977 t=600.013s
neos-4954672-berkel  scip     time_limit       obj=2642125.0 t=600.001s
neos-3381206-awhea   samaya   time_limit       obj=None t=599.666s
neos-3381206-awhea   highspy  optimal          obj=453.0 t=5.718s
neos-3381206-awhea   scip     optimal          obj=453.0 t=1.764s
beasleyC3            samaya   time_limit       obj=946 t=599.945s
beasleyC3            highspy  optimal          obj=754.0000000000001 t=22.613s
beasleyC3            scip     optimal          obj=754.0 t=15.795s
