gen-ip054            samaya   time_limit       obj=6847.251271676 t=598.822s
gen-ip054            highspy  time_limit       obj=6840.965641791981 t=600.043s
gen-ip054            scip     time_limit       obj=6848.922296976 t=600.009s
nu25-pr12            samaya   optimal          obj=53905 t=68.095s
nu25-pr12            highspy  optimal          obj=53904.99999999999 t=6.038s
nu25-pr12            scip     optimal          obj=53905.0 t=4.235s
exp-1-500-5-5        samaya   time_limit       obj=70363.99998644281 t=600.017s
exp-1-500-5-5        highspy  optimal          obj=65887.0 t=3.707s
exp-1-500-5-5        scip     optimal          obj=65887.0 t=2.516s
tr12-30              samaya   time_limit       obj=134453.99994343924 t=599.948s
tr12-30              highspy  optimal          obj=130598.99999999983 t=299.398s
tr12-30              scip     time_limit       obj=130596.0 t=600.000s
neos17               samaya   time_limit       obj=0.15049925074925075 t=600.014s
neos17               highspy  optimal          obj=0.1500025774225771 t=6.612s
neos17               scip     optimal          obj=0.15000257742257772 t=5.813s
neos-4338804-snowy   samaya   time_limit       obj=1894 t=599.886s
neos-4338804-snowy   highspy  time_limit       obj=1478.9999979999998 t=600.007s
neos-4338804-snowy   scip     time_limit       obj=1480.9999999999998 t=600.001s
neos-3754480-nidda   samaya   time_limit       obj=13812.747762811614 t=599.371s
neos-3754480-nidda   highspy  time_limit       obj=13746.260935917864 t=601.143s
