gen-ip002            samaya   time_limit       obj=-4783.7333916 t=600.242s
gen-ip002            highspy  time_limit       obj=-4783.7333916 t=600.064s
gen-ip002            scip     time_limit       obj=-4783.733391599999 t=600.005s
neos859080           samaya   infeasible       obj=None t=0.271s
neos859080           highspy  infeasible       obj=None t=1.511s
neos859080           scip     infeasible       obj=None t=0.620s
mas74                samaya   time_limit       obj=11893.87257479999 t=598.264s
mas74                highspy  time_limit       obj=11893.872573802071 t=600.055s
mas74                scip     time_limit       obj=11801.098458493756 t=600.005s
mas76                samaya   optimal          obj=40005.05414199999 t=74.592s
mas76                highspy  optimal          obj=40005.054141 t=117.333s
mas76                scip     optimal          obj=40005.054142 t=64.719s
mik-250-20-75-4      samaya   time_limit       obj=-52301 t=599.949s
mik-250-20-75-4      highspy  optimal          obj=-52301.00000000001 t=12.050s
mik-250-20-75-4      scip     optimal          obj=-52300.9999999997 t=31.554s
neos-4738912-atrato  samaya   time_limit       obj=None t=600.014s
neos-4738912-atrato  highspy  optimal          obj=283629185.45448 t=211.632s
neos-4738912-atrato  scip     time_limit       obj=284382952.27229 t=600.002s
neos-3046615-murg    samaya   time_limit       obj=1641 t=599.386s
neos-3046615-murg    highspy  time_limit       obj=1599.9999999998108 t=600.057s
